javac : WEB-INF\classe
s\com\oceanview\contro
ller\ReservationContro
ller.java:10: error: 
cannot access 
DBConnection
At line:1 char:1
+ javac -cp "WEB-INF/l
ib/*;WEB-INF/classes;c
:\xampp\tomcat\lib\ser
vlet- ...
+ ~~~~~~~~~~~~~~~~~~~~
~~~~~~~~~~~~~~~~~~~~~~
~~~~~~~~~~~~~~~~~~~~~~
~~~~~
    + CategoryInfo    
          : NotSpeci  
  fied: (WEB-INF\cl   
 asses...ss DBConn    
ection:String) []    
, RemoteException
    + FullyQualifiedE 
   rrorId : NativeCo  
  mmandError
 
import com.oceanview.u
til.DBConnection;
                      
   ^
  bad class file: WEB-
INF\classes\com\oceanv
iew\util\DBConnection.
class
    class file has 
wrong version 69.0, 
should be 55.0
    Please remove or 
make sure it appears 
in the correct 
subdirectory of the 
classpath.
WEB-INF\classes\com\oc
eanview\controller\Res
ervationController.jav
a:12: error: cannot 
access BillingService
import com.oceanview.s
ervice.BillingService;
                      
      ^
  bad class file: WEB-
INF\classes\com\oceanv
iew\service\BillingSer
vice.class
    class file has 
wrong version 69.0, 
should be 55.0
    Please remove or 
make sure it appears 
in the correct 
subdirectory of the 
classpath.
WEB-INF\classes\com\oc
eanview\controller\Res
ervationController.jav
a:13: error: cannot 
access 
ReservationService
import com.oceanview.s
ervice.ReservationServ
ice;
                      
      ^
  bad class file: WEB-
INF\classes\com\oceanv
iew\service\Reservatio
nService.class
    class file has 
wrong version 69.0, 
should be 55.0
    Please remove or 
make sure it appears 
in the correct 
subdirectory of the 
classpath.
WEB-INF\classes\com\oc
eanview\controller\Res
ervationController.jav
a:23: error: cannot 
find symbol
    private 
BillingService 
billingService = new 
BillingService();
            ^
  symbol:   class 
BillingService
  location: class 
ReservationController
WEB-INF\classes\com\oc
eanview\controller\Res
ervationController.jav
a:23: error: cannot 
find symbol
    private 
BillingService 
billingService = new 
BillingService();
                      
                      
    ^
  symbol:   class 
BillingService
  location: class 
ReservationController
WEB-INF\classes\com\oc
eanview\controller\Res
ervationController.jav
a:59: error: cannot 
find symbol
        try 
(Connection conn = DBC
onnection.getConnectio
n()) {
                      
         ^
  symbol:   variable 
DBConnection
  location: class 
ReservationController
WEB-INF\classes\com\oc
eanview\controller\Res
ervationController.jav
a:152: error: cannot 
find symbol
            
ReservationService 
resService = new 
ReservationService();
            ^
  symbol:   class 
ReservationService
  location: class 
ReservationController
WEB-INF\classes\com\oc
eanview\controller\Res
ervationController.jav
a:152: error: cannot 
find symbol
            
ReservationService 
resService = new 
ReservationService();
                      
                      
    ^
  symbol:   class 
ReservationService
  location: class 
ReservationController
WEB-INF\classes\com\oc
eanview\controller\Res
ervationController.jav
a:153: error: cannot 
access Room
            com.oceanv
iew.model.Room 
allocatedRoom = resSer
vice.findAvailableRoom
(roomType, 
checkInDate, 
checkOutDate);
                      
         ^
  bad class file: WEB-
INF\classes\com\oceanv
iew\model\Room.class
    class file has 
wrong version 69.0, 
should be 55.0
    Please remove or 
make sure it appears 
in the correct 
subdirectory of the 
classpath.
WEB-INF\classes\com\oc
eanview\controller\Res
ervationController.jav
a:166: error: cannot 
find symbol
            
Connection conn = DBCo
nnection.getConnection
();
                      
        ^
  symbol:   variable 
DBConnection
  location: class 
ReservationController
WEB-INF\classes\com\oc
eanview\controller\Res
ervationController.jav
a:250: error: cannot 
find symbol
            
Connection conn = DBCo
nnection.getConnection
();
                      
        ^
  symbol:   variable 
DBConnection
  location: class 
ReservationController
WEB-INF\classes\com\oc
eanview\controller\Res
ervationController.jav
a:283: error: cannot 
find symbol
            
Connection conn = DBCo
nnection.getConnection
();
                      
        ^
  symbol:   variable 
DBConnection
  location: class 
ReservationController
WEB-INF\classes\com\oc
eanview\controller\Res
ervationController.jav
a:316: error: cannot 
find symbol
            
Connection conn = DBCo
nnection.getConnection
();
                      
        ^
  symbol:   variable 
DBConnection
  location: class 
ReservationController
13 errors
